[01m[K/home/usuario/Documentos/GitHub/-IR2121-2025-2026-Robotica-mobil/Patrolling Task/goals/src/publisher.cpp:193:[m[K [01;31m[Kerror: [m[Kunterminated argument list invoking macro "RCLCPP_WARN"
  193 | }
      | 
[01m[K/home/usuario/Documentos/GitHub/-IR2121-2025-2026-Robotica-mobil/Patrolling Task/goals/src/publisher.cpp:[m[K In function ‘[01m[Kint main(int, char**)[m[K’:
[01m[K/home/usuario/Documentos/GitHub/-IR2121-2025-2026-Robotica-mobil/Patrolling Task/goals/src/publisher.cpp:133:17:[m[K [01;31m[Kerror: [m[K‘[01m[KRCLCPP_WARN[m[K’ was not declared in this scope
  133 |                 [01;31m[KRCLCPP_WARN[m[K(node->get_logger(), "SIGUIENTES ODOM AAAAAAAAAAAAAAAAAAAAAAAAAAAAAAAAAAAAAAAAAAAAAAAAAAAAAAAAAAAAAAAAAAAAAAAAAAAAAAAAAAAAAAAAAAAAAAAAAAAAAAAAAA",
      |                 [01;31m[K^~~~~~~~~~~[m[K
[01m[K/home/usuario/Documentos/GitHub/-IR2121-2025-2026-Robotica-mobil/Patrolling Task/goals/src/publisher.cpp:133:17:[m[K [01;31m[Kerror: [m[Kexpected ‘[01m[K}[m[K’ at end of input
[01m[K/home/usuario/Documentos/GitHub/-IR2121-2025-2026-Robotica-mobil/Patrolling Task/goals/src/publisher.cpp:131:30:[m[K [01;36m[Knote: [m[Kto match this ‘[01m[K{[m[K’
  131 |             if (!first_odom) [01;36m[K{[m[K
      |                              [01;36m[K^[m[K
[01m[K/home/usuario/Documentos/GitHub/-IR2121-2025-2026-Robotica-mobil/Patrolling Task/goals/src/publisher.cpp:133:17:[m[K [01;31m[Kerror: [m[Kexpected ‘[01m[K}[m[K’ at end of input
  133 |                 [01;31m[KRCLCPP_WARN[m[K(node->get_logger(), "SIGUIENTES ODOM AAAAAAAAAAAAAAAAAAAAAAAAAAAAAAAAAAAAAAAAAAAAAAAAAAAAAAAAAAAAAAAAAAAAAAAAAAAAAAAAAAAAAAAAAAAAAAAAAAAAAAAAAA",
      |                 [01;31m[K^~~~~~~~~~~[m[K
[01m[K/home/usuario/Documentos/GitHub/-IR2121-2025-2026-Robotica-mobil/Patrolling Task/goals/src/publisher.cpp:127:38:[m[K [01;36m[Knote: [m[Kto match this ‘[01m[K{[m[K’
  127 |         if (!initial_goal_published) [01;36m[K{[m[K
      |                                      [01;36m[K^[m[K
[01m[K/home/usuario/Documentos/GitHub/-IR2121-2025-2026-Robotica-mobil/Patrolling Task/goals/src/publisher.cpp:133:17:[m[K [01;31m[Kerror: [m[Kexpected ‘[01m[K}[m[K’ at end of input
  133 |                 [01;31m[KRCLCPP_WARN[m[K(node->get_logger(), "SIGUIENTES ODOM AAAAAAAAAAAAAAAAAAAAAAAAAAAAAAAAAAAAAAAAAAAAAAAAAAAAAAAAAAAAAAAAAAAAAAAAAAAAAAAAAAAAAAAAAAAAAAAAAAAAAAAAAA",
      |                 [01;31m[K^~~~~~~~~~~[m[K
[01m[K/home/usuario/Documentos/GitHub/-IR2121-2025-2026-Robotica-mobil/Patrolling Task/goals/src/publisher.cpp:122:26:[m[K [01;36m[Knote: [m[Kto match this ‘[01m[K{[m[K’
  122 |     while (rclcpp::ok()) [01;36m[K{[m[K
      |                          [01;36m[K^[m[K
[01m[K/home/usuario/Documentos/GitHub/-IR2121-2025-2026-Robotica-mobil/Patrolling Task/goals/src/publisher.cpp:111:9:[m[K [01;35m[Kwarning: [m[Kunused variable ‘[01m[Kindice[m[K’ [[01;35m[K]8;;https://gcc.gnu.org/onlinedocs/gcc/Warning-Options.html#index-Wunused-variable-Wunused-variable]8;;[m[K]
  111 |     int [01;35m[Kindice[m[K = 0;
      |         [01;35m[K^~~~~~[m[K
[01m[K/home/usuario/Documentos/GitHub/-IR2121-2025-2026-Robotica-mobil/Patrolling Task/goals/src/publisher.cpp:133:17:[m[K [01;31m[Kerror: [m[Kexpected ‘[01m[K}[m[K’ at end of input
  133 |                 [01;31m[KRCLCPP_WARN[m[K(node->get_logger(), "SIGUIENTES ODOM AAAAAAAAAAAAAAAAAAAAAAAAAAAAAAAAAAAAAAAAAAAAAAAAAAAAAAAAAAAAAAAAAAAAAAAAAAAAAAAAAAAAAAAAAAAAAAAAAAAAAAAAAA",
      |                 [01;31m[K^~~~~~~~~~~[m[K
[01m[K/home/usuario/Documentos/GitHub/-IR2121-2025-2026-Robotica-mobil/Patrolling Task/goals/src/publisher.cpp:77:35:[m[K [01;36m[Knote: [m[Kto match this ‘[01m[K{[m[K’
   77 | int main(int argc, char * argv[]) [01;36m[K{[m[K
      |                                   [01;36m[K^[m[K
gmake[2]: *** [CMakeFiles/publisher.dir/build.make:76: CMakeFiles/publisher.dir/src/publisher.cpp.o] Error 1
gmake[1]: *** [CMakeFiles/Makefile2:137: CMakeFiles/publisher.dir/all] Error 2
gmake: *** [Makefile:146: all] Error 2
