[0.014s] Invoking command in '/home/usuario/Documentos/GitHub/-IR2121-2025-2026-Robotica-mobil/Patrolling Task/goals/build/goals': CMAKE_PREFIX_PATH=/opt/ros/humble /usr/bin/cmake /home/usuario/Documentos/GitHub/-IR2121-2025-2026-Robotica-mobil/Patrolling Task/goals -DCMAKE_INSTALL_PREFIX=/home/usuario/Documentos/GitHub/-IR2121-2025-2026-Robotica-mobil/Patrolling Task/goals/install/goals
[0.160s] -- The C compiler identification is GNU 10.5.0
[0.264s] -- The CXX compiler identification is GNU 10.5.0
[0.275s] -- Detecting C compiler ABI info
[0.363s] -- Detecting C compiler ABI info - done
[0.369s] -- Check for working C compiler: /usr/bin/cc - skipped
[0.370s] -- Detecting C compile features
[0.371s] -- Detecting C compile features - done
[0.375s] -- Detecting CXX compiler ABI info
[0.469s] -- Detecting CXX compiler ABI info - done
[0.475s] -- Check for working CXX compiler: /usr/bin/c++ - skipped
[0.475s] -- Detecting CXX compile features
[0.475s] -- Detecting CXX compile features - done
[0.483s] -- Found ament_cmake: 1.3.12 (/opt/ros/humble/share/ament_cmake/cmake)
[0.612s] -- Found Python3: /usr/bin/python3 (found version "3.10.12") found components: Interpreter 
[0.708s] -- Found rclcpp: 16.0.15 (/opt/ros/humble/share/rclcpp/cmake)
[0.764s] -- Found rosidl_generator_c: 3.1.7 (/opt/ros/humble/share/rosidl_generator_c/cmake)
[0.770s] -- Found rosidl_adapter: 3.1.7 (/opt/ros/humble/share/rosidl_adapter/cmake)
[0.781s] -- Found rosidl_generator_cpp: 3.1.7 (/opt/ros/humble/share/rosidl_generator_cpp/cmake)
[0.795s] -- Using all available rosidl_typesupport_c: rosidl_typesupport_fastrtps_c;rosidl_typesupport_introspection_c
[0.812s] -- Using all available rosidl_typesupport_cpp: rosidl_typesupport_fastrtps_cpp;rosidl_typesupport_introspection_cpp
[0.866s] -- Found rmw_implementation_cmake: 6.1.2 (/opt/ros/humble/share/rmw_implementation_cmake/cmake)
[0.869s] -- Found rmw_fastrtps_cpp: 6.2.9 (/opt/ros/humble/share/rmw_fastrtps_cpp/cmake)
[0.971s] -- Found OpenSSL: /usr/lib/x86_64-linux-gnu/libcrypto.so (found version "3.0.2")  
[1.007s] -- Found FastRTPS: /opt/ros/humble/include  
[1.058s] -- Using RMW implementation 'rmw_fastrtps_cpp' as default
[1.075s] -- Looking for pthread.h
[1.168s] -- Looking for pthread.h - found
[1.169s] -- Performing Test CMAKE_HAVE_LIBC_PTHREAD
[1.255s] -- Performing Test CMAKE_HAVE_LIBC_PTHREAD - Success
[1.256s] -- Found Threads: TRUE  
[1.320s] -- Found geometry_msgs: 4.9.0 (/opt/ros/humble/share/geometry_msgs/cmake)
[1.334s] -- Found nav_msgs: 4.9.0 (/opt/ros/humble/share/nav_msgs/cmake)
[1.353s] -- Found tf2: 0.25.16 (/opt/ros/humble/share/tf2/cmake)
[1.369s] -- Found tf2_geometry_msgs: 0.25.16 (/opt/ros/humble/share/tf2_geometry_msgs/cmake)
[1.394s] -- Found eigen3_cmake_module: 0.1.1 (/opt/ros/humble/share/eigen3_cmake_module/cmake)
[1.395s] -- Found Eigen3: TRUE (found version "3.4.0") 
[1.395s] -- Ensuring Eigen3 include directory is part of orocos-kdl CMake target
[1.499s] -- Found ament_lint_auto: 0.12.14 (/opt/ros/humble/share/ament_lint_auto/cmake)
[1.585s] -- Added test 'cppcheck' to perform static code analysis on C / C++ code
[1.585s] -- Configured cppcheck include dirs: 
[1.585s] -- Configured cppcheck exclude dirs and/or files: 
[1.588s] -- Added test 'lint_cmake' to check CMake code style
[1.596s] -- Added test 'uncrustify' to check C / C++ code style
[1.596s] -- Configured uncrustify additional arguments: 
[1.597s] -- Added test 'xmllint' to check XML markup files
[1.602s] -- Configuring done
[1.616s] -- Generating done
[1.625s] -- Build files have been written to: /home/usuario/Documentos/GitHub/-IR2121-2025-2026-Robotica-mobil/Patrolling Task/goals/build/goals
[1.635s] Invoked command in '/home/usuario/Documentos/GitHub/-IR2121-2025-2026-Robotica-mobil/Patrolling Task/goals/build/goals' returned '0': CMAKE_PREFIX_PATH=/opt/ros/humble /usr/bin/cmake /home/usuario/Documentos/GitHub/-IR2121-2025-2026-Robotica-mobil/Patrolling Task/goals -DCMAKE_INSTALL_PREFIX=/home/usuario/Documentos/GitHub/-IR2121-2025-2026-Robotica-mobil/Patrolling Task/goals/install/goals
[1.637s] Invoking command in '/home/usuario/Documentos/GitHub/-IR2121-2025-2026-Robotica-mobil/Patrolling Task/goals/build/goals': CMAKE_PREFIX_PATH=/opt/ros/humble /usr/bin/cmake --build /home/usuario/Documentos/GitHub/-IR2121-2025-2026-Robotica-mobil/Patrolling Task/goals/build/goals -- -j6 -l6
[1.704s] [ 50%] [32mBuilding CXX object CMakeFiles/publisher.dir/src/publisher.cpp.o[0m
[2.118s] [01m[K/home/usuario/Documentos/GitHub/-IR2121-2025-2026-Robotica-mobil/Patrolling Task/goals/src/publisher.cpp:123:49:[m[K [01;35m[Kwarning: [m[Kmissing terminating " character
[2.118s]   123 |                 RCLCPP_WARN(node->get_logger(), [01;35m[K"[m[K
[2.118s]       |                                                 [01;35m[K^[m[K
[2.118s] [01m[K/home/usuario/Documentos/GitHub/-IR2121-2025-2026-Robotica-mobil/Patrolling Task/goals/src/publisher.cpp:123:[m[K [01;31m[Kerror: [m[Kunterminated argument list invoking macro "RCLCPP_WARN"
[2.118s]   123 |                 RCLCPP_WARN(node->get_logger(), "
[2.118s]       | 
[3.944s] [01m[K/home/usuario/Documentos/GitHub/-IR2121-2025-2026-Robotica-mobil/Patrolling Task/goals/src/publisher.cpp:[m[K In function ‘[01m[Kint main(int, char**)[m[K’:
[3.944s] [01m[K/home/usuario/Documentos/GitHub/-IR2121-2025-2026-Robotica-mobil/Patrolling Task/goals/src/publisher.cpp:123:17:[m[K [01;31m[Kerror: [m[K‘[01m[KRCLCPP_WARN[m[K’ was not declared in this scope
[3.944s]   123 |                 [01;31m[KRCLCPP_WARN[m[K(node->get_logger(), "
[3.944s]       |                 [01;31m[K^~~~~~~~~~~[m[K
[3.944s] [01m[K/home/usuario/Documentos/GitHub/-IR2121-2025-2026-Robotica-mobil/Patrolling Task/goals/src/publisher.cpp:123:17:[m[K [01;31m[Kerror: [m[Kexpected ‘[01m[K}[m[K’ at end of input
[3.944s] [01m[K/home/usuario/Documentos/GitHub/-IR2121-2025-2026-Robotica-mobil/Patrolling Task/goals/src/publisher.cpp:107:35:[m[K [01;36m[Knote: [m[Kto match this ‘[01m[K{[m[K’
[3.944s]   107 |             if (!first_amcl_pose) [01;36m[K{[m[K
[3.944s]       |                                   [01;36m[K^[m[K
[3.944s] [01m[K/home/usuario/Documentos/GitHub/-IR2121-2025-2026-Robotica-mobil/Patrolling Task/goals/src/publisher.cpp:123:17:[m[K [01;31m[Kerror: [m[Kexpected ‘[01m[K}[m[K’ at end of input
[3.944s]   123 |                 [01;31m[KRCLCPP_WARN[m[K(node->get_logger(), "
[3.944s]       |                 [01;31m[K^~~~~~~~~~~[m[K
[3.944s] [01m[K/home/usuario/Documentos/GitHub/-IR2121-2025-2026-Robotica-mobil/Patrolling Task/goals/src/publisher.cpp:105:38:[m[K [01;36m[Knote: [m[Kto match this ‘[01m[K{[m[K’
[3.944s]   105 |         if (!initial_goal_published) [01;36m[K{[m[K
[3.944s]       |                                      [01;36m[K^[m[K
[3.945s] [01m[K/home/usuario/Documentos/GitHub/-IR2121-2025-2026-Robotica-mobil/Patrolling Task/goals/src/publisher.cpp:123:17:[m[K [01;31m[Kerror: [m[Kexpected ‘[01m[K}[m[K’ at end of input
[3.945s]   123 |                 [01;31m[KRCLCPP_WARN[m[K(node->get_logger(), "
[3.945s]       |                 [01;31m[K^~~~~~~~~~~[m[K
[3.945s] [01m[K/home/usuario/Documentos/GitHub/-IR2121-2025-2026-Robotica-mobil/Patrolling Task/goals/src/publisher.cpp:101:26:[m[K [01;36m[Knote: [m[Kto match this ‘[01m[K{[m[K’
[3.945s]   101 |     while (rclcpp::ok()) [01;36m[K{[m[K
[3.945s]       |                          [01;36m[K^[m[K
[3.945s] [01m[K/home/usuario/Documentos/GitHub/-IR2121-2025-2026-Robotica-mobil/Patrolling Task/goals/src/publisher.cpp:123:17:[m[K [01;31m[Kerror: [m[Kexpected ‘[01m[K}[m[K’ at end of input
[3.945s]   123 |                 [01;31m[KRCLCPP_WARN[m[K(node->get_logger(), "
[3.945s]       |                 [01;31m[K^~~~~~~~~~~[m[K
[3.945s] [01m[K/home/usuario/Documentos/GitHub/-IR2121-2025-2026-Robotica-mobil/Patrolling Task/goals/src/publisher.cpp:64:35:[m[K [01;36m[Knote: [m[Kto match this ‘[01m[K{[m[K’
[3.945s]    64 | int main(int argc, char * argv[]) [01;36m[K{[m[K
[3.945s]       |                                   [01;36m[K^[m[K
[5.993s] gmake[2]: *** [CMakeFiles/publisher.dir/build.make:76: CMakeFiles/publisher.dir/src/publisher.cpp.o] Error 1
[5.993s] gmake[1]: *** [CMakeFiles/Makefile2:137: CMakeFiles/publisher.dir/all] Error 2
[5.993s] gmake: *** [Makefile:146: all] Error 2
[5.995s] Invoked command in '/home/usuario/Documentos/GitHub/-IR2121-2025-2026-Robotica-mobil/Patrolling Task/goals/build/goals' returned '2': CMAKE_PREFIX_PATH=/opt/ros/humble /usr/bin/cmake --build /home/usuario/Documentos/GitHub/-IR2121-2025-2026-Robotica-mobil/Patrolling Task/goals/build/goals -- -j6 -l6
