[01m[K/home/usuario/Documentos/GitHub/-IR2121-2025-2026-Robotica-mobil/Patrolling Task/goals/src/publisher.cpp:11:14:[m[K [01;31m[Kerror: [m[K‘[01m[Knav_msgs[m[K’ does not name a type
   11 | using Odom = [01;31m[Knav_msgs[m[K::msg::Odometry;
      |              [01;31m[K^~~~~~~~[m[K
[01m[K/home/usuario/Documentos/GitHub/-IR2121-2025-2026-Robotica-mobil/Patrolling Task/goals/src/publisher.cpp:29:26:[m[K [01;31m[Kerror: [m[K‘[01m[KOdom[m[K’ does not name a type
   29 | void odom_callback(const [01;31m[KOdom[m[K::SharedPtr msg) {
      |                          [01;31m[K^~~~[m[K
[01m[K/home/usuario/Documentos/GitHub/-IR2121-2025-2026-Robotica-mobil/Patrolling Task/goals/src/publisher.cpp:29:42:[m[K [01;31m[Kerror: [m[Kexpected unqualified-id before ‘[01m[Kmsg[m[K’
   29 | void odom_callback(const Odom::SharedPtr [01;31m[Kmsg[m[K) {
      |                                          [01;31m[K^~~[m[K
[01m[K/home/usuario/Documentos/GitHub/-IR2121-2025-2026-Robotica-mobil/Patrolling Task/goals/src/publisher.cpp:29:41:[m[K [01;31m[Kerror: [m[Kexpected ‘[01m[K)[m[K’ before ‘[01m[Kmsg[m[K’
   29 | void odom_callback[34m[K([m[Kconst Odom::SharedPtr[01;31m[K [m[K[32m[Kmsg[m[K) {
      |                   [34m[K~[m[K                     [01;31m[K^[m[K[32m[K~~~[m[K
      |                                         [32m[K)[m[K
[01m[K/home/usuario/Documentos/GitHub/-IR2121-2025-2026-Robotica-mobil/Patrolling Task/goals/src/publisher.cpp:29:42:[m[K [01;31m[Kerror: [m[Kexpected initializer before ‘[01m[Kmsg[m[K’
   29 | void odom_callback(const Odom::SharedPtr [01;31m[Kmsg[m[K) {
      |                                          [01;31m[K^~~[m[K
[01m[K/home/usuario/Documentos/GitHub/-IR2121-2025-2026-Robotica-mobil/Patrolling Task/goals/src/publisher.cpp:[m[K In function ‘[01m[Kint main(int, char**)[m[K’:
[01m[K/home/usuario/Documentos/GitHub/-IR2121-2025-2026-Robotica-mobil/Patrolling Task/goals/src/publisher.cpp:80:49:[m[K [01;31m[Kerror: [m[K‘[01m[KOdom[m[K’ was not declared in this scope
   80 |     auto subscriber = node->create_subscription<[01;31m[KOdom[m[K>("/odom", 10, odom_callback);
      |                                                 [01;31m[K^~~~[m[K
[01m[K/home/usuario/Documentos/GitHub/-IR2121-2025-2026-Robotica-mobil/Patrolling Task/goals/src/publisher.cpp:80:68:[m[K [01;31m[Kerror: [m[K‘[01m[Kodom_callback[m[K’ was not declared in this scope
   80 | o subscriber = node->create_subscription<Odom>("/odom", 10, [01;31m[Kodom_callback[m[K);
      |                                                             [01;31m[K^~~~~~~~~~~~~[m[K

[01m[K/home/usuario/Documentos/GitHub/-IR2121-2025-2026-Robotica-mobil/Patrolling Task/goals/src/publisher.cpp:111:24:[m[K [01;35m[Kwarning: [m[Kcomparison of integer expressions of different signedness: ‘[01m[Kint[m[K’ and ‘[01m[Kstd::vector<std::vector<double, std::allocator<double> > >::size_type[m[K’ {aka ‘[01m[Klong unsigned int[m[K’} [[01;35m[K]8;;https://gcc.gnu.org/onlinedocs/gcc/Warning-Options.html#index-Wsign-compare-Wsign-compare]8;;[m[K]
  111 |             if ([01;35m[Kindice >= vector_goals.size()[m[K) {
      |                 [01;35m[K~~~~~~~^~~~~~~~~~~~~~~~~~~~~~[m[K
gmake[2]: *** [CMakeFiles/publisher.dir/build.make:76: CMakeFiles/publisher.dir/src/publisher.cpp.o] Error 1
gmake[1]: *** [CMakeFiles/Makefile2:137: CMakeFiles/publisher.dir/all] Error 2
gmake: *** [Makefile:146: all] Error 2
