[0.058s] Invoking command in '/home/usuario/Documentos/GitHub/-IR2121-2025-2026-Robotica-mobil/Patrolling Task/goals/build/goals': CMAKE_PREFIX_PATH=${CMAKE_PREFIX_PATH}:/opt/ros/humble /usr/bin/cmake --build /home/usuario/Documentos/GitHub/-IR2121-2025-2026-Robotica-mobil/Patrolling Task/goals/build/goals -- -j4 -l4
[0.167s] -- Found ament_cmake: 1.3.12 (/opt/ros/humble/share/ament_cmake/cmake)
[0.391s] -- Found rclcpp: 16.0.15 (/opt/ros/humble/share/rclcpp/cmake)
[0.450s] -- Found rosidl_generator_c: 3.1.7 (/opt/ros/humble/share/rosidl_generator_c/cmake)
[0.455s] -- Found rosidl_adapter: 3.1.7 (/opt/ros/humble/share/rosidl_adapter/cmake)
[0.466s] -- Found rosidl_generator_cpp: 3.1.7 (/opt/ros/humble/share/rosidl_generator_cpp/cmake)
[0.485s] -- Using all available rosidl_typesupport_c: rosidl_typesupport_fastrtps_c;rosidl_typesupport_introspection_c
[0.506s] -- Using all available rosidl_typesupport_cpp: rosidl_typesupport_fastrtps_cpp;rosidl_typesupport_introspection_cpp
[0.567s] -- Found rmw_implementation_cmake: 6.1.2 (/opt/ros/humble/share/rmw_implementation_cmake/cmake)
[0.570s] -- Found rmw_fastrtps_cpp: 6.2.9 (/opt/ros/humble/share/rmw_fastrtps_cpp/cmake)
[0.763s] -- Using RMW implementation 'rmw_fastrtps_cpp' as default
[0.853s] -- Found geometry_msgs: 4.9.0 (/opt/ros/humble/share/geometry_msgs/cmake)
[0.876s] -- Found nav_msgs: 4.9.0 (/opt/ros/humble/share/nav_msgs/cmake)
[0.903s] -- Found tf2: 0.25.16 (/opt/ros/humble/share/tf2/cmake)
[0.911s] -- Found tf2_geometry_msgs: 0.25.16 (/opt/ros/humble/share/tf2_geometry_msgs/cmake)
[0.918s] -- Found eigen3_cmake_module: 0.1.1 (/opt/ros/humble/share/eigen3_cmake_module/cmake)
[0.920s] -- Ensuring Eigen3 include directory is part of orocos-kdl CMake target
[1.060s] -- Found ament_lint_auto: 0.12.14 (/opt/ros/humble/share/ament_lint_auto/cmake)
[1.298s] -- Added test 'cppcheck' to perform static code analysis on C / C++ code
[1.298s] -- Configured cppcheck include dirs: 
[1.299s] -- Configured cppcheck exclude dirs and/or files: 
[1.301s] -- Added test 'flake8' to check Python code syntax and style conventions
[1.306s] -- Added test 'lint_cmake' to check CMake code style
[1.310s] -- Added test 'pep257' to check Python code against some of the docstring style conventions in PEP 257
[1.328s] -- Added test 'uncrustify' to check C / C++ code style
[1.329s] -- Configured uncrustify additional arguments: 
[1.332s] -- Added test 'xmllint' to check XML markup files
[1.376s] -- Configuring done
[1.593s] -- Generating done
[1.686s] -- Build files have been written to: /home/usuario/Documentos/GitHub/-IR2121-2025-2026-Robotica-mobil/Patrolling Task/goals/build/goals
[1.814s] [35m[1mConsolidate compiler generated dependencies of target publisher[0m
[1.938s] [ 50%] [32mBuilding CXX object CMakeFiles/publisher.dir/src/publisher.cpp.o[0m
[5.401s] [01m[K/home/usuario/Documentos/GitHub/-IR2121-2025-2026-Robotica-mobil/Patrolling Task/goals/src/publisher.cpp:11:14:[m[K [01;31m[Kerror: [m[K‘[01m[Knav_msgs[m[K’ does not name a type
[5.402s]    11 | using Odom = [01;31m[Knav_msgs[m[K::msg::Odometry;
[5.402s]       |              [01;31m[K^~~~~~~~[m[K
[5.403s] [01m[K/home/usuario/Documentos/GitHub/-IR2121-2025-2026-Robotica-mobil/Patrolling Task/goals/src/publisher.cpp:29:26:[m[K [01;31m[Kerror: [m[K‘[01m[KOdom[m[K’ does not name a type
[5.403s]    29 | void odom_callback(const [01;31m[KOdom[m[K::SharedPtr msg) {
[5.403s]       |                          [01;31m[K^~~~[m[K
[5.403s] [01m[K/home/usuario/Documentos/GitHub/-IR2121-2025-2026-Robotica-mobil/Patrolling Task/goals/src/publisher.cpp:29:42:[m[K [01;31m[Kerror: [m[Kexpected unqualified-id before ‘[01m[Kmsg[m[K’
[5.403s]    29 | void odom_callback(const Odom::SharedPtr [01;31m[Kmsg[m[K) {
[5.403s]       |                                          [01;31m[K^~~[m[K
[5.404s] [01m[K/home/usuario/Documentos/GitHub/-IR2121-2025-2026-Robotica-mobil/Patrolling Task/goals/src/publisher.cpp:29:41:[m[K [01;31m[Kerror: [m[Kexpected ‘[01m[K)[m[K’ before ‘[01m[Kmsg[m[K’
[5.404s]    29 | void odom_callback[34m[K([m[Kconst Odom::SharedPtr[01;31m[K [m[K[32m[Kmsg[m[K) {
[5.404s]       |                   [34m[K~[m[K                     [01;31m[K^[m[K[32m[K~~~[m[K
[5.404s]       |                                         [32m[K)[m[K
[5.404s] [01m[K/home/usuario/Documentos/GitHub/-IR2121-2025-2026-Robotica-mobil/Patrolling Task/goals/src/publisher.cpp:29:42:[m[K [01;31m[Kerror: [m[Kexpected initializer before ‘[01m[Kmsg[m[K’
[5.404s]    29 | void odom_callback(const Odom::SharedPtr [01;31m[Kmsg[m[K) {
[5.404s]       |                                          [01;31m[K^~~[m[K
[5.411s] [01m[K/home/usuario/Documentos/GitHub/-IR2121-2025-2026-Robotica-mobil/Patrolling Task/goals/src/publisher.cpp:[m[K In function ‘[01m[Kint main(int, char**)[m[K’:
[5.411s] [01m[K/home/usuario/Documentos/GitHub/-IR2121-2025-2026-Robotica-mobil/Patrolling Task/goals/src/publisher.cpp:80:49:[m[K [01;31m[Kerror: [m[K‘[01m[KOdom[m[K’ was not declared in this scope
[5.411s]    80 |     auto subscriber = node->create_subscription<[01;31m[KOdom[m[K>("/odom", 10, odom_callback);
[5.411s]       |                                                 [01;31m[K^~~~[m[K
[5.414s] [01m[K/home/usuario/Documentos/GitHub/-IR2121-2025-2026-Robotica-mobil/Patrolling Task/goals/src/publisher.cpp:80:68:[m[K [01;31m[Kerror: [m[K‘[01m[Kodom_callback[m[K’ was not declared in this scope
[5.414s]    80 | o subscriber = node->create_subscription<Odom>("/odom", 10, [01;31m[Kodom_callback[m[K);
[5.414s]       |                                                             [01;31m[K^~~~~~~~~~~~~[m[K
[5.414s] 
[5.419s] [01m[K/home/usuario/Documentos/GitHub/-IR2121-2025-2026-Robotica-mobil/Patrolling Task/goals/src/publisher.cpp:111:24:[m[K [01;35m[Kwarning: [m[Kcomparison of integer expressions of different signedness: ‘[01m[Kint[m[K’ and ‘[01m[Kstd::vector<std::vector<double, std::allocator<double> > >::size_type[m[K’ {aka ‘[01m[Klong unsigned int[m[K’} [[01;35m[K]8;;https://gcc.gnu.org/onlinedocs/gcc/Warning-Options.html#index-Wsign-compare-Wsign-compare]8;;[m[K]
[5.420s]   111 |             if ([01;35m[Kindice >= vector_goals.size()[m[K) {
[5.420s]       |                 [01;35m[K~~~~~~~^~~~~~~~~~~~~~~~~~~~~~[m[K
[6.518s] gmake[2]: *** [CMakeFiles/publisher.dir/build.make:76: CMakeFiles/publisher.dir/src/publisher.cpp.o] Error 1
[6.518s] gmake[1]: *** [CMakeFiles/Makefile2:137: CMakeFiles/publisher.dir/all] Error 2
[6.518s] gmake: *** [Makefile:146: all] Error 2
[6.520s] Invoked command in '/home/usuario/Documentos/GitHub/-IR2121-2025-2026-Robotica-mobil/Patrolling Task/goals/build/goals' returned '2': CMAKE_PREFIX_PATH=${CMAKE_PREFIX_PATH}:/opt/ros/humble /usr/bin/cmake --build /home/usuario/Documentos/GitHub/-IR2121-2025-2026-Robotica-mobil/Patrolling Task/goals/build/goals -- -j4 -l4
