[0.014s] Invoking command in '/home/usuario/Documentos/GitHub/-IR2121-2025-2026-Robotica-mobil/Patrolling Task/goals/build/goals': CMAKE_PREFIX_PATH=${CMAKE_PREFIX_PATH}:/opt/ros/humble /usr/bin/cmake --build /home/usuario/Documentos/GitHub/-IR2121-2025-2026-Robotica-mobil/Patrolling Task/goals/build/goals -- -j6 -l6
[0.075s] [35m[1mConsolidate compiler generated dependencies of target publisher[0m
[0.107s] [ 50%] [32mBuilding CXX object CMakeFiles/publisher.dir/src/publisher.cpp.o[0m
[2.154s] [01m[K/home/usuario/Documentos/GitHub/-IR2121-2025-2026-Robotica-mobil/Patrolling Task/goals/src/publisher.cpp:[m[K In function ‘[01m[Kint main(int, char**)[m[K’:
[2.154s] [01m[K/home/usuario/Documentos/GitHub/-IR2121-2025-2026-Robotica-mobil/Patrolling Task/goals/src/publisher.cpp:149:24:[m[K [01;35m[Kwarning: [m[Kcomparison of integer expressions of different signedness: ‘[01m[Kint[m[K’ and ‘[01m[Kstd::vector<std::vector<double, std::allocator<double> > >::size_type[m[K’ {aka ‘[01m[Klong unsigned int[m[K’} [[01;35m[K]8;;https://gcc.gnu.org/onlinedocs/gcc/Warning-Options.html#index-Wsign-compare-Wsign-compare]8;;[m[K]
[2.154s]   149 |             if ([01;35m[Kindice >= vector_goals.size()[m[K) {
[2.155s]       |                 [01;35m[K~~~~~~~^~~~~~~~~~~~~~~~~~~~~~[m[K
[2.156s] [01m[K/home/usuario/Documentos/GitHub/-IR2121-2025-2026-Robotica-mobil/Patrolling Task/goals/src/publisher.cpp:174:13:[m[K [01;31m[Kerror: [m[K‘[01m[KRCLC[m[K’ was not declared in this scope
[2.156s]   174 |             [01;31m[KRCLC[m[K
[2.156s]       |             [01;31m[K^~~~[m[K
[2.156s] [01m[K/home/usuario/Documentos/GitHub/-IR2121-2025-2026-Robotica-mobil/Patrolling Task/goals/src/publisher.cpp:174:13:[m[K [01;31m[Kerror: [m[Kexpected ‘[01m[K}[m[K’ at end of input
[2.156s] [01m[K/home/usuario/Documentos/GitHub/-IR2121-2025-2026-Robotica-mobil/Patrolling Task/goals/src/publisher.cpp:146:33:[m[K [01;36m[Knote: [m[Kto match this ‘[01m[K{[m[K’
[2.156s]   146 |         else if (goal_achieved) [01;36m[K{[m[K
[2.157s]       |                                 [01;36m[K^[m[K
[2.157s] [01m[K/home/usuario/Documentos/GitHub/-IR2121-2025-2026-Robotica-mobil/Patrolling Task/goals/src/publisher.cpp:175:[m[K [01;36m[Knote: [m[K‘[01m[K-Wmisleading-indentation[m[K’ is disabled from this point onwards, since column-tracking was disabled due to the size of the code/headers
[2.157s]   175 | 
[2.157s]       | 
[2.157s] [01m[K/home/usuario/Documentos/GitHub/-IR2121-2025-2026-Robotica-mobil/Patrolling Task/goals/src/publisher.cpp:174:13:[m[K [01;31m[Kerror: [m[Kexpected ‘[01m[K}[m[K’ at end of input
[2.157s]   174 |             [01;31m[KRCLC[m[K
[2.157s]       |             [01;31m[K^~~~[m[K
[2.157s] [01m[K/home/usuario/Documentos/GitHub/-IR2121-2025-2026-Robotica-mobil/Patrolling Task/goals/src/publisher.cpp:115:26:[m[K [01;36m[Knote: [m[Kto match this ‘[01m[K{[m[K’
[2.157s]   115 |     while (rclcpp::ok()) [01;36m[K{[m[K
[2.157s]       |                          [01;36m[K^[m[K
[2.157s] [01m[K/home/usuario/Documentos/GitHub/-IR2121-2025-2026-Robotica-mobil/Patrolling Task/goals/src/publisher.cpp:174:13:[m[K [01;31m[Kerror: [m[Kexpected ‘[01m[K}[m[K’ at end of input
[2.157s]   174 |             [01;31m[KRCLC[m[K
[2.157s]       |             [01;31m[K^~~~[m[K
[2.157s] [01m[K/home/usuario/Documentos/GitHub/-IR2121-2025-2026-Robotica-mobil/Patrolling Task/goals/src/publisher.cpp:90:35:[m[K [01;36m[Knote: [m[Kto match this ‘[01m[K{[m[K’
[2.157s]    90 | int main(int argc, char * argv[]) [01;36m[K{[m[K
[2.157s]       |                                   [01;36m[K^[m[K
[4.201s] gmake[2]: *** [CMakeFiles/publisher.dir/build.make:76: CMakeFiles/publisher.dir/src/publisher.cpp.o] Error 1
[4.201s] gmake[1]: *** [CMakeFiles/Makefile2:137: CMakeFiles/publisher.dir/all] Error 2
[4.201s] gmake: *** [Makefile:146: all] Error 2
[4.203s] Invoked command in '/home/usuario/Documentos/GitHub/-IR2121-2025-2026-Robotica-mobil/Patrolling Task/goals/build/goals' returned '2': CMAKE_PREFIX_PATH=${CMAKE_PREFIX_PATH}:/opt/ros/humble /usr/bin/cmake --build /home/usuario/Documentos/GitHub/-IR2121-2025-2026-Robotica-mobil/Patrolling Task/goals/build/goals -- -j6 -l6
