[0.013s] Invoking command in '/home/usuario/Documentos/GitHub/-IR2121-2025-2026-Robotica-mobil/Patrolling Task/goals/build/goals': CMAKE_PREFIX_PATH=/opt/ros/humble /usr/bin/cmake /home/usuario/Documentos/GitHub/-IR2121-2025-2026-Robotica-mobil/Patrolling Task/goals -DCMAKE_INSTALL_PREFIX=/home/usuario/Documentos/GitHub/-IR2121-2025-2026-Robotica-mobil/Patrolling Task/goals/install/goals
[0.028s] -- Found ament_cmake: 1.3.12 (/opt/ros/humble/share/ament_cmake/cmake)
[0.129s] -- Found rclcpp: 16.0.15 (/opt/ros/humble/share/rclcpp/cmake)
[0.155s] -- Found rosidl_generator_c: 3.1.7 (/opt/ros/humble/share/rosidl_generator_c/cmake)
[0.157s] -- Found rosidl_adapter: 3.1.7 (/opt/ros/humble/share/rosidl_adapter/cmake)
[0.161s] -- Found rosidl_generator_cpp: 3.1.7 (/opt/ros/humble/share/rosidl_generator_cpp/cmake)
[0.168s] -- Using all available rosidl_typesupport_c: rosidl_typesupport_fastrtps_c;rosidl_typesupport_introspection_c
[0.177s] -- Using all available rosidl_typesupport_cpp: rosidl_typesupport_fastrtps_cpp;rosidl_typesupport_introspection_cpp
[0.201s] -- Found rmw_implementation_cmake: 6.1.2 (/opt/ros/humble/share/rmw_implementation_cmake/cmake)
[0.201s] -- Found rmw_fastrtps_cpp: 6.2.9 (/opt/ros/humble/share/rmw_fastrtps_cpp/cmake)
[0.320s] -- Using RMW implementation 'rmw_fastrtps_cpp' as default
[0.355s] -- Found geometry_msgs: 4.9.0 (/opt/ros/humble/share/geometry_msgs/cmake)
[0.363s] -- Found nav_msgs: 4.9.0 (/opt/ros/humble/share/nav_msgs/cmake)
[0.375s] -- Found tf2: 0.25.16 (/opt/ros/humble/share/tf2/cmake)
[0.378s] -- Found tf2_geometry_msgs: 0.25.16 (/opt/ros/humble/share/tf2_geometry_msgs/cmake)
[0.380s] -- Found eigen3_cmake_module: 0.1.1 (/opt/ros/humble/share/eigen3_cmake_module/cmake)
[0.381s] -- Ensuring Eigen3 include directory is part of orocos-kdl CMake target
[0.439s] -- Found ament_lint_auto: 0.12.14 (/opt/ros/humble/share/ament_lint_auto/cmake)
[0.505s] -- Added test 'cppcheck' to perform static code analysis on C / C++ code
[0.505s] -- Configured cppcheck include dirs: 
[0.505s] -- Configured cppcheck exclude dirs and/or files: 
[0.506s] -- Added test 'flake8' to check Python code syntax and style conventions
[0.508s] -- Added test 'lint_cmake' to check CMake code style
[0.509s] -- Added test 'pep257' to check Python code against some of the docstring style conventions in PEP 257
[0.517s] -- Added test 'uncrustify' to check C / C++ code style
[0.517s] -- Configured uncrustify additional arguments: 
[0.518s] -- Added test 'xmllint' to check XML markup files
[0.521s] -- Configuring done
[0.525s] [31mCMake Error at CMakeLists.txt:18 (add_executable):
[0.525s]   Cannot find source file:
[0.525s] 
[0.525s]     src/version3.cpp
[0.525s] 
[0.525s]   Tried extensions .c .C .c++ .cc .cpp .cxx .cu .mpp .m .M .mm .ixx .cppm .h
[0.525s]   .hh .h++ .hm .hpp .hxx .in .txx .f .F .for .f77 .f90 .f95 .f03 .hip .ispc
[0.525s] 
[0.525s] [0m
[0.526s] [31mCMake Error at CMakeLists.txt:18 (add_executable):
[0.526s]   No SOURCES given to target: version3_publisher
[0.526s] 
[0.526s] [0m
[0.526s] [0mCMake Generate step failed.  Build files cannot be regenerated correctly.[0m
[0.534s] Invoked command in '/home/usuario/Documentos/GitHub/-IR2121-2025-2026-Robotica-mobil/Patrolling Task/goals/build/goals' returned '1': CMAKE_PREFIX_PATH=/opt/ros/humble /usr/bin/cmake /home/usuario/Documentos/GitHub/-IR2121-2025-2026-Robotica-mobil/Patrolling Task/goals -DCMAKE_INSTALL_PREFIX=/home/usuario/Documentos/GitHub/-IR2121-2025-2026-Robotica-mobil/Patrolling Task/goals/install/goals
