[01m[K/home/usuario/Documentos/GitHub/-IR2121-2025-2026-Robotica-mobil/Patrolling Task/goals/src/publisher.cpp:[m[K In function ‘[01m[Kint main(int, char**)[m[K’:
[01m[K/home/usuario/Documentos/GitHub/-IR2121-2025-2026-Robotica-mobil/Patrolling Task/goals/src/publisher.cpp:98:44:[m[K [01;31m[Kerror: [m[Kno matching function for call to ‘[01m[Krclcpp::Publisher<geometry_msgs::msg::PoseStamped_<std::allocator<void> >, std::allocator<void> >::publish(__gnu_cxx::__alloc_traits<std::allocator<std::vector<double, std::allocator<double> > >, std::vector<double, std::allocator<double> > >::value_type&)[m[K’
   98 |     publisher->publish(vector_goals[indice][01;31m[K)[m[K;
      |                                            [01;31m[K^[m[K
In file included from [01m[K/opt/ros/humble/include/rclcpp/rclcpp/topic_statistics/subscription_topic_statistics.hpp:31[m[K,
                 from [01m[K/opt/ros/humble/include/rclcpp/rclcpp/subscription.hpp:50[m[K,
                 from [01m[K/opt/ros/humble/include/rclcpp/rclcpp/any_executable.hpp:25[m[K,
                 from [01m[K/opt/ros/humble/include/rclcpp/rclcpp/memory_strategy.hpp:25[m[K,
                 from [01m[K/opt/ros/humble/include/rclcpp/rclcpp/memory_strategies.hpp:18[m[K,
                 from [01m[K/opt/ros/humble/include/rclcpp/rclcpp/executor_options.hpp:20[m[K,
                 from [01m[K/opt/ros/humble/include/rclcpp/rclcpp/executor.hpp:37[m[K,
                 from [01m[K/opt/ros/humble/include/rclcpp/rclcpp/executors/multi_threaded_executor.hpp:25[m[K,
                 from [01m[K/opt/ros/humble/include/rclcpp/rclcpp/executors.hpp:21[m[K,
                 from [01m[K/opt/ros/humble/include/rclcpp/rclcpp/rclcpp.hpp:155[m[K,
                 from [01m[K/home/usuario/Documentos/GitHub/-IR2121-2025-2026-Robotica-mobil/Patrolling Task/goals/src/publisher.cpp:1[m[K:
[01m[K/opt/ros/humble/include/rclcpp/rclcpp/publisher.hpp:254:3:[m[K [01;36m[Knote: [m[Kcandidate: ‘[01m[Ktemplate<class T> std::enable_if_t<(rosidl_generator_traits::is_message<T>::value && std::is_same<T, typename rclcpp::TypeAdapter<MessageT>::ros_message_type>::value)> rclcpp::Publisher<MessageT, AllocatorT>::publish(std::unique_ptr<T, typename std::conditional<std::is_same<typename std::allocator_traits<typename std::allocator_traits<_Allocator>::rebind_traits<typename rclcpp::TypeAdapter<MessageT, void, void>::ros_message_type>::allocator_type>::rebind_alloc<typename rclcpp::TypeAdapter<MessageT, void, void>::ros_message_type>, std::allocator<typename rclcpp::TypeAdapter<MessageT>::ros_message_type> >::value, std::default_delete<typename rclcpp::TypeAdapter<MessageT>::ros_message_type>, rclcpp::allocator::AllocatorDeleter<typename std::allocator_traits<_Allocator>::rebind_traits<typename rclcpp::TypeAdapter<MessageT, void, void>::ros_message_type>::allocator_type> >::type>) [with T = T; MessageT = geometry_msgs::msg::PoseStamped_<std::allocator<void> >; AllocatorT = std::allocator<void>][m[K’
  254 |   [01;36m[Kpublish[m[K(std::unique_ptr<T, ROSMessageTypeDeleter> msg)
      |   [01;36m[K^~~~~~~[m[K
[01m[K/opt/ros/humble/include/rclcpp/rclcpp/publisher.hpp:254:3:[m[K [01;36m[Knote: [m[K  template argument deduction/substitution failed:
[01m[K/home/usuario/Documentos/GitHub/-IR2121-2025-2026-Robotica-mobil/Patrolling Task/goals/src/publisher.cpp:98:44:[m[K [01;36m[Knote: [m[K  ‘[01m[Kstd::vector<double, std::allocator<double> >[m[K’ is not derived from ‘[01m[Kstd::unique_ptr<T, std::default_delete<geometry_msgs::msg::PoseStamped_<std::allocator<void> > > >[m[K’
   98 |     publisher->publish(vector_goals[indice][01;36m[K)[m[K;
      |                                            [01;36m[K^[m[K
In file included from [01m[K/opt/ros/humble/include/rclcpp/rclcpp/topic_statistics/subscription_topic_statistics.hpp:31[m[K,
                 from [01m[K/opt/ros/humble/include/rclcpp/rclcpp/subscription.hpp:50[m[K,
                 from [01m[K/opt/ros/humble/include/rclcpp/rclcpp/any_executable.hpp:25[m[K,
                 from [01m[K/opt/ros/humble/include/rclcpp/rclcpp/memory_strategy.hpp:25[m[K,
                 from [01m[K/opt/ros/humble/include/rclcpp/rclcpp/memory_strategies.hpp:18[m[K,
                 from [01m[K/opt/ros/humble/include/rclcpp/rclcpp/executor_options.hpp:20[m[K,
                 from [01m[K/opt/ros/humble/include/rclcpp/rclcpp/executor.hpp:37[m[K,
                 from [01m[K/opt/ros/humble/include/rclcpp/rclcpp/executors/multi_threaded_executor.hpp:25[m[K,
                 from [01m[K/opt/ros/humble/include/rclcpp/rclcpp/executors.hpp:21[m[K,
                 from [01m[K/opt/ros/humble/include/rclcpp/rclcpp/rclcpp.hpp:155[m[K,
                 from [01m[K/home/usuario/Documentos/GitHub/-IR2121-2025-2026-Robotica-mobil/Patrolling Task/goals/src/publisher.cpp:1[m[K:
[01m[K/opt/ros/humble/include/rclcpp/rclcpp/publisher.hpp:295:3:[m[K [01;36m[Knote: [m[Kcandidate: ‘[01m[Ktemplate<class T> std::enable_if_t<(rosidl_generator_traits::is_message<T>::value && std::is_same<T, typename rclcpp::TypeAdapter<MessageT>::ros_message_type>::value)> rclcpp::Publisher<MessageT, AllocatorT>::publish(const T&) [with T = T; MessageT = geometry_msgs::msg::PoseStamped_<std::allocator<void> >; AllocatorT = std::allocator<void>][m[K’
  295 |   [01;36m[Kpublish[m[K(const T & msg)
      |   [01;36m[K^~~~~~~[m[K
[01m[K/opt/ros/humble/include/rclcpp/rclcpp/publisher.hpp:295:3:[m[K [01;36m[Knote: [m[K  template argument deduction/substitution failed:
In file included from [01m[K/usr/include/c++/10/bits/move.h:57[m[K,
                 from [01m[K/usr/include/c++/10/bits/stl_pair.h:59[m[K,
                 from [01m[K/usr/include/c++/10/bits/stl_algobase.h:64[m[K,
                 from [01m[K/usr/include/c++/10/memory:63[m[K,
                 from [01m[K/opt/ros/humble/include/rclcpp/rclcpp/rclcpp.hpp:153[m[K,
                 from [01m[K/home/usuario/Documentos/GitHub/-IR2121-2025-2026-Robotica-mobil/Patrolling Task/goals/src/publisher.cpp:1[m[K:
/usr/include/c++/10/type_traits: In substitution of ‘[01m[Ktemplate<bool _Cond, class _Tp> using enable_if_t = typename std::enable_if::type [with bool _Cond = false; _Tp = void][m[K’:
[01m[K/opt/ros/humble/include/rclcpp/rclcpp/publisher.hpp:295:3:[m[K   required by substitution of ‘[01m[Ktemplate<class T> std::enable_if_t<(rosidl_generator_traits::is_message<T>::value && std::is_same<T, geometry_msgs::msg::PoseStamped_<std::allocator<void> > >::value), void> rclcpp::Publisher<geometry_msgs::msg::PoseStamped_<std::allocator<void> >, std::allocator<void> >::publish<T>(const T&) [with T = std::vector<double, std::allocator<double> >][m[K’
[01m[K/home/usuario/Documentos/GitHub/-IR2121-2025-2026-Robotica-mobil/Patrolling Task/goals/src/publisher.cpp:98:44:[m[K   required from here
[01m[K/usr/include/c++/10/type_traits:2554:11:[m[K [01;31m[Kerror: [m[Kno type named ‘[01m[Ktype[m[K’ in ‘[01m[Kstruct std::enable_if<false, void>[m[K’
 2554 |     using [01;31m[Kenable_if_t[m[K = typename enable_if<_Cond, _Tp>::type;
      |           [01;31m[K^~~~~~~~~~~[m[K
In file included from [01m[K/opt/ros/humble/include/rclcpp/rclcpp/topic_statistics/subscription_topic_statistics.hpp:31[m[K,
                 from [01m[K/opt/ros/humble/include/rclcpp/rclcpp/subscription.hpp:50[m[K,
                 from [01m[K/opt/ros/humble/include/rclcpp/rclcpp/any_executable.hpp:25[m[K,
                 from [01m[K/opt/ros/humble/include/rclcpp/rclcpp/memory_strategy.hpp:25[m[K,
                 from [01m[K/opt/ros/humble/include/rclcpp/rclcpp/memory_strategies.hpp:18[m[K,
                 from [01m[K/opt/ros/humble/include/rclcpp/rclcpp/executor_options.hpp:20[m[K,
                 from [01m[K/opt/ros/humble/include/rclcpp/rclcpp/executor.hpp:37[m[K,
                 from [01m[K/opt/ros/humble/include/rclcpp/rclcpp/executors/multi_threaded_executor.hpp:25[m[K,
                 from [01m[K/opt/ros/humble/include/rclcpp/rclcpp/executors.hpp:21[m[K,
                 from [01m[K/opt/ros/humble/include/rclcpp/rclcpp/rclcpp.hpp:155[m[K,
                 from [01m[K/home/usuario/Documentos/GitHub/-IR2121-2025-2026-Robotica-mobil/Patrolling Task/goals/src/publisher.cpp:1[m[K:
[01m[K/opt/ros/humble/include/rclcpp/rclcpp/publisher.hpp:325:3:[m[K [01;36m[Knote: [m[Kcandidate: ‘[01m[Ktemplate<class T> std::enable_if_t<(typename rclcpp::TypeAdapter<MessageT>::is_specialized::value && std::is_same<T, typename rclcpp::TypeAdapter<MessageT>::custom_type>::value)> rclcpp::Publisher<MessageT, AllocatorT>::publish(std::unique_ptr<T, typename std::conditional<std::is_same<typename std::allocator_traits<typename std::allocator_traits<_Allocator>::rebind_traits<typename rclcpp::TypeAdapter<MessageT, void, void>::custom_type>::allocator_type>::rebind_alloc<typename rclcpp::TypeAdapter<MessageT, void, void>::custom_type>, std::allocator<typename rclcpp::TypeAdapter<MessageT>::custom_type> >::value, std::default_delete<typename rclcpp::TypeAdapter<MessageT>::custom_type>, rclcpp::allocator::AllocatorDeleter<typename std::allocator_traits<_Allocator>::rebind_traits<typename rclcpp::TypeAdapter<MessageT, void, void>::custom_type>::allocator_type> >::type>) [with T = T; MessageT = geometry_msgs::msg::PoseStamped_<std::allocator<void> >; AllocatorT = std::allocator<void>][m[K’
  325 |   [01;36m[Kpublish[m[K(std::unique_ptr<T, PublishedTypeDeleter> msg)
      |   [01;36m[K^~~~~~~[m[K
[01m[K/opt/ros/humble/include/rclcpp/rclcpp/publisher.hpp:325:3:[m[K [01;36m[Knote: [m[K  template argument deduction/substitution failed:
[01m[K/home/usuario/Documentos/GitHub/-IR2121-2025-2026-Robotica-mobil/Patrolling Task/goals/src/publisher.cpp:98:44:[m[K [01;36m[Knote: [m[K  ‘[01m[Kstd::vector<double, std::allocator<double> >[m[K’ is not derived from ‘[01m[Kstd::unique_ptr<T, std::default_delete<geometry_msgs::msg::PoseStamped_<std::allocator<void> > > >[m[K’
   98 |     publisher->publish(vector_goals[indice][01;36m[K)[m[K;
      |                                            [01;36m[K^[m[K
In file included from [01m[K/opt/ros/humble/include/rclcpp/rclcpp/topic_statistics/subscription_topic_statistics.hpp:31[m[K,
                 from [01m[K/opt/ros/humble/include/rclcpp/rclcpp/subscription.hpp:50[m[K,
                 from [01m[K/opt/ros/humble/include/rclcpp/rclcpp/any_executable.hpp:25[m[K,
                 from [01m[K/opt/ros/humble/include/rclcpp/rclcpp/memory_strategy.hpp:25[m[K,
                 from [01m[K/opt/ros/humble/include/rclcpp/rclcpp/memory_strategies.hpp:18[m[K,
                 from [01m[K/opt/ros/humble/include/rclcpp/rclcpp/executor_options.hpp:20[m[K,
                 from [01m[K/opt/ros/humble/include/rclcpp/rclcpp/executor.hpp:37[m[K,
                 from [01m[K/opt/ros/humble/include/rclcpp/rclcpp/executors/multi_threaded_executor.hpp:25[m[K,
                 from [01m[K/opt/ros/humble/include/rclcpp/rclcpp/executors.hpp:21[m[K,
                 from [01m[K/opt/ros/humble/include/rclcpp/rclcpp/rclcpp.hpp:155[m[K,
                 from [01m[K/home/usuario/Documentos/GitHub/-IR2121-2025-2026-Robotica-mobil/Patrolling Task/goals/src/publisher.cpp:1[m[K:
[01m[K/opt/ros/humble/include/rclcpp/rclcpp/publisher.hpp:367:3:[m[K [01;36m[Knote: [m[Kcandidate: ‘[01m[Ktemplate<class T> std::enable_if_t<(typename rclcpp::TypeAdapter<MessageT>::is_specialized::value && std::is_same<T, typename rclcpp::TypeAdapter<MessageT>::custom_type>::value)> rclcpp::Publisher<MessageT, AllocatorT>::publish(const T&) [with T = T; MessageT = geometry_msgs::msg::PoseStamped_<std::allocator<void> >; AllocatorT = std::allocator<void>][m[K’
  367 |   [01;36m[Kpublish[m[K(const T & msg)
      |   [01;36m[K^~~~~~~[m[K
[01m[K/opt/ros/humble/include/rclcpp/rclcpp/publisher.hpp:367:3:[m[K [01;36m[Knote: [m[K  template argument deduction/substitution failed:
[01m[K/opt/ros/humble/include/rclcpp/rclcpp/publisher.hpp:386:3:[m[K [01;36m[Knote: [m[Kcandidate: ‘[01m[Kvoid rclcpp::Publisher<MessageT, AllocatorT>::publish(const rcl_serialized_message_t&) [with MessageT = geometry_msgs::msg::PoseStamped_<std::allocator<void> >; AllocatorT = std::allocator<void>; rcl_serialized_message_t = rcutils_uint8_array_s][m[K’
  386 |   [01;36m[Kpublish[m[K(const rcl_serialized_message_t & serialized_msg)
      |   [01;36m[K^~~~~~~[m[K
[01m[K/opt/ros/humble/include/rclcpp/rclcpp/publisher.hpp:386:44:[m[K [01;36m[Knote: [m[K  no known conversion for argument 1 from ‘[01m[K__gnu_cxx::__alloc_traits<std::allocator<std::vector<double, std::allocator<double> > >, std::vector<double, std::allocator<double> > >::value_type[m[K’ {aka ‘[01m[Kstd::vector<double, std::allocator<double> >[m[K’} to ‘[01m[Kconst rcl_serialized_message_t&[m[K’ {aka ‘[01m[Kconst rcutils_uint8_array_s&[m[K’}
  386 |   publish([01;36m[Kconst rcl_serialized_message_t & serialized_msg[m[K)
      |           [01;36m[K~~~~~~~~~~~~~~~~~~~~~~~~~~~~~~~~~^~~~~~~~~~~~~~[m[K
[01m[K/opt/ros/humble/include/rclcpp/rclcpp/publisher.hpp:392:3:[m[K [01;36m[Knote: [m[Kcandidate: ‘[01m[Kvoid rclcpp::Publisher<MessageT, AllocatorT>::publish(const rclcpp::SerializedMessage&) [with MessageT = geometry_msgs::msg::PoseStamped_<std::allocator<void> >; AllocatorT = std::allocator<void>][m[K’
  392 |   [01;36m[Kpublish[m[K(const SerializedMessage & serialized_msg)
      |   [01;36m[K^~~~~~~[m[K
[01m[K/opt/ros/humble/include/rclcpp/rclcpp/publisher.hpp:392:37:[m[K [01;36m[Knote: [m[K  no known conversion for argument 1 from ‘[01m[K__gnu_cxx::__alloc_traits<std::allocator<std::vector<double, std::allocator<double> > >, std::vector<double, std::allocator<double> > >::value_type[m[K’ {aka ‘[01m[Kstd::vector<double, std::allocator<double> >[m[K’} to ‘[01m[Kconst rclcpp::SerializedMessage&[m[K’
  392 |   publish([01;36m[Kconst SerializedMessage & serialized_msg[m[K)
      |           [01;36m[K~~~~~~~~~~~~~~~~~~~~~~~~~~^~~~~~~~~~~~~~[m[K
[01m[K/opt/ros/humble/include/rclcpp/rclcpp/publisher.hpp:406:3:[m[K [01;36m[Knote: [m[Kcandidate: ‘[01m[Kvoid rclcpp::Publisher<MessageT, AllocatorT>::publish(rclcpp::LoanedMessage<typename rclcpp::TypeAdapter<MessageT>::ros_message_type, AllocatorT>&&) [with MessageT = geometry_msgs::msg::PoseStamped_<std::allocator<void> >; AllocatorT = std::allocator<void>; typename rclcpp::TypeAdapter<MessageT>::ros_message_type = geometry_msgs::msg::PoseStamped_<std::allocator<void> >][m[K’
  406 |   [01;36m[Kpublish[m[K(rclcpp::LoanedMessage<ROSMessageType, AllocatorT> && loaned_msg)
      |   [01;36m[K^~~~~~~[m[K
[01m[K/opt/ros/humble/include/rclcpp/rclcpp/publisher.hpp:406:64:[m[K [01;36m[Knote: [m[K  no known conversion for argument 1 from ‘[01m[K__gnu_cxx::__alloc_traits<std::allocator<std::vector<double, std::allocator<double> > >, std::vector<double, std::allocator<double> > >::value_type[m[K’ {aka ‘[01m[Kstd::vector<double, std::allocator<double> >[m[K’} to ‘[01m[Krclcpp::LoanedMessage<geometry_msgs::msg::PoseStamped_<std::allocator<void> >, std::allocator<void> >&&[m[K’
  406 | ublish([01;36m[Krclcpp::LoanedMessage<ROSMessageType, AllocatorT> && loaned_msg[m[K)
      |        [01;36m[K~~~~~~~~~~~~~~~~~~~~~~~~~~~~~~~~~~~~~~~~~~~~~~~~~~~~~^~~~~~~~~~[m[K

[01m[K/home/usuario/Documentos/GitHub/-IR2121-2025-2026-Robotica-mobil/Patrolling Task/goals/src/publisher.cpp:102:16:[m[K [01;35m[Kwarning: [m[Kcomparison of integer expressions of different signedness: ‘[01m[Kint[m[K’ and ‘[01m[Kstd::vector<std::vector<double, std::allocator<double> > >::size_type[m[K’ {aka ‘[01m[Klong unsigned int[m[K’} [[01;35m[K]8;;https://gcc.gnu.org/onlinedocs/gcc/Warning-Options.html#index-Wsign-compare-Wsign-compare]8;;[m[K]
  102 |     if ([01;35m[Kindice >= vector_goals.size()[m[K) {
      |         [01;35m[K~~~~~~~^~~~~~~~~~~~~~~~~~~~~~[m[K
[01m[K/home/usuario/Documentos/GitHub/-IR2121-2025-2026-Robotica-mobil/Patrolling Task/goals/src/publisher.cpp:85:10:[m[K [01;35m[Kwarning: [m[Kunused variable ‘[01m[Kinicio[m[K’ [[01;35m[K]8;;https://gcc.gnu.org/onlinedocs/gcc/Warning-Options.html#index-Wunused-variable-Wunused-variable]8;;[m[K]
   85 |     bool [01;35m[Kinicio[m[K = true;
      |          [01;35m[K^~~~~~[m[K
gmake[2]: *** [CMakeFiles/publisher.dir/build.make:76: CMakeFiles/publisher.dir/src/publisher.cpp.o] Error 1
gmake[1]: *** [CMakeFiles/Makefile2:137: CMakeFiles/publisher.dir/all] Error 2
gmake: *** [Makefile:146: all] Error 2
